Sep 22, 2026 10:56:55 AM com.bank.persistence.AccountDAOImpl createAccount
INFO: CReated account 1
Sep 22, 2026 10:57:09 AM com.bank.persistence.AccountDAOImpl deposit
SEVERE: deposit failed for this account1
org.postgresql.util.PSQLException: ERROR: relation "transaction" does not exist
  Position: 13
	at org.postgresql.core.v3.QueryExecutorImpl.receiveErrorResponse(QueryExecutorImpl.java:2733)
	at org.postgresql.core.v3.QueryExecutorImpl.processResults(QueryExecutorImpl.java:2420)
	at org.postgresql.core.v3.QueryExecutorImpl.execute(QueryExecutorImpl.java:372)
	at org.postgresql.jdbc.PgStatement.executeInternal(PgStatement.java:517)
	at org.postgresql.jdbc.PgStatement.execute(PgStatement.java:434)
	at org.postgresql.jdbc.PgPreparedStatement.executeWithFlags(PgPreparedStatement.java:194)
	at org.postgresql.jdbc.PgPreparedStatement.executeUpdate(PgPreparedStatement.java:155)
	at com.bank.persistence.AccountDAOImpl.insertTransaction(AccountDAOImpl.java:163)
	at com.bank.persistence.AccountDAOImpl.deposit(AccountDAOImpl.java:63)
	at com.bank.service.BankServiceImpl.deposit(BankServiceImpl.java:44)
	at com.bank.api.BankRepl.deposit(BankRepl.java:91)
	at com.bank.api.BankRepl.menu(BankRepl.java:70)
	at com.bank.api.BankRepl.run(BankRepl.java:38)
	at com.bank.api.Main.main(Main.java:21)
	at org.codehaus.mojo.exec.ExecJavaMojo.doMain(ExecJavaMojo.java:385)
	at org.codehaus.mojo.exec.ExecJavaMojo.doExec(ExecJavaMojo.java:374)
	at org.codehaus.mojo.exec.ExecJavaMojo.lambda$execute$0(ExecJavaMojo.java:296)
	at java.base/java.lang.Thread.run(Thread.java:1527)

2026-09-22 10:57:09 ERROR com.bank.api.BankRepl - unexpceted error
java.lang.IllegalStateException: couldnt process deposit
	at com.bank.persistence.AccountDAOImpl.deposit(AccountDAOImpl.java:72)
	at com.bank.service.BankServiceImpl.deposit(BankServiceImpl.java:44)
	at com.bank.api.BankRepl.deposit(BankRepl.java:91)
	at com.bank.api.BankRepl.menu(BankRepl.java:70)
	at com.bank.api.BankRepl.run(BankRepl.java:38)
	at com.bank.api.Main.main(Main.java:21)
	at org.codehaus.mojo.exec.ExecJavaMojo.doMain(ExecJavaMojo.java:385)
	at org.codehaus.mojo.exec.ExecJavaMojo.doExec(ExecJavaMojo.java:374)
	at org.codehaus.mojo.exec.ExecJavaMojo.lambda$execute$0(ExecJavaMojo.java:296)
	at java.base/java.lang.Thread.run(Thread.java:1527)
Caused by: org.postgresql.util.PSQLException: ERROR: relation "transaction" does not exist
  Position: 13
	at org.postgresql.core.v3.QueryExecutorImpl.receiveErrorResponse(QueryExecutorImpl.java:2733)
	at org.postgresql.core.v3.QueryExecutorImpl.processResults(QueryExecutorImpl.java:2420)
	at org.postgresql.core.v3.QueryExecutorImpl.execute(QueryExecutorImpl.java:372)
	at org.postgresql.jdbc.PgStatement.executeInternal(PgStatement.java:517)
	at org.postgresql.jdbc.PgStatement.execute(PgStatement.java:434)
	at org.postgresql.jdbc.PgPreparedStatement.executeWithFlags(PgPreparedStatement.java:194)
	at org.postgresql.jdbc.PgPreparedStatement.executeUpdate(PgPreparedStatement.java:155)
	at com.bank.persistence.AccountDAOImpl.insertTransaction(AccountDAOImpl.java:163)
	at com.bank.persistence.AccountDAOImpl.deposit(AccountDAOImpl.java:63)
	... 9 common frames omitted
Sep 22, 2026 10:57:16 AM com.bank.persistence.AccountDAOImpl deposit
SEVERE: deposit failed for this account1
org.postgresql.util.PSQLException: ERROR: relation "transaction" does not exist
  Position: 13
	at org.postgresql.core.v3.QueryExecutorImpl.receiveErrorResponse(QueryExecutorImpl.java:2733)
	at org.postgresql.core.v3.QueryExecutorImpl.processResults(QueryExecutorImpl.java:2420)
	at org.postgresql.core.v3.QueryExecutorImpl.execute(QueryExecutorImpl.java:372)
	at org.postgresql.jdbc.PgStatement.executeInternal(PgStatement.java:517)
	at org.postgresql.jdbc.PgStatement.execute(PgStatement.java:434)
	at org.postgresql.jdbc.PgPreparedStatement.executeWithFlags(PgPreparedStatement.java:194)
	at org.postgresql.jdbc.PgPreparedStatement.executeUpdate(PgPreparedStatement.java:155)
	at com.bank.persistence.AccountDAOImpl.insertTransaction(AccountDAOImpl.java:163)
	at com.bank.persistence.AccountDAOImpl.deposit(AccountDAOImpl.java:63)
	at com.bank.service.BankServiceImpl.deposit(BankServiceImpl.java:44)
	at com.bank.api.BankRepl.deposit(BankRepl.java:91)
	at com.bank.api.BankRepl.menu(BankRepl.java:70)
	at com.bank.api.BankRepl.run(BankRepl.java:38)
	at com.bank.api.Main.main(Main.java:21)
	at org.codehaus.mojo.exec.ExecJavaMojo.doMain(ExecJavaMojo.java:385)
	at org.codehaus.mojo.exec.ExecJavaMojo.doExec(ExecJavaMojo.java:374)
	at org.codehaus.mojo.exec.ExecJavaMojo.lambda$execute$0(ExecJavaMojo.java:296)
	at java.base/java.lang.Thread.run(Thread.java:1527)

2026-09-22 10:57:16 ERROR com.bank.api.BankRepl - unexpceted error
java.lang.IllegalStateException: couldnt process deposit
	at com.bank.persistence.AccountDAOImpl.deposit(AccountDAOImpl.java:72)
	at com.bank.service.BankServiceImpl.deposit(BankServiceImpl.java:44)
	at com.bank.api.BankRepl.deposit(BankRepl.java:91)
	at com.bank.api.BankRepl.menu(BankRepl.java:70)
	at com.bank.api.BankRepl.run(BankRepl.java:38)
	at com.bank.api.Main.main(Main.java:21)
	at org.codehaus.mojo.exec.ExecJavaMojo.doMain(ExecJavaMojo.java:385)
	at org.codehaus.mojo.exec.ExecJavaMojo.doExec(ExecJavaMojo.java:374)
	at org.codehaus.mojo.exec.ExecJavaMojo.lambda$execute$0(ExecJavaMojo.java:296)
	at java.base/java.lang.Thread.run(Thread.java:1527)
Caused by: org.postgresql.util.PSQLException: ERROR: relation "transaction" does not exist
  Position: 13
	at org.postgresql.core.v3.QueryExecutorImpl.receiveErrorResponse(QueryExecutorImpl.java:2733)
	at org.postgresql.core.v3.QueryExecutorImpl.processResults(QueryExecutorImpl.java:2420)
	at org.postgresql.core.v3.QueryExecutorImpl.execute(QueryExecutorImpl.java:372)
	at org.postgresql.jdbc.PgStatement.executeInternal(PgStatement.java:517)
	at org.postgresql.jdbc.PgStatement.execute(PgStatement.java:434)
	at org.postgresql.jdbc.PgPreparedStatement.executeWithFlags(PgPreparedStatement.java:194)
	at org.postgresql.jdbc.PgPreparedStatement.executeUpdate(PgPreparedStatement.java:155)
	at com.bank.persistence.AccountDAOImpl.insertTransaction(AccountDAOImpl.java:163)
	at com.bank.persistence.AccountDAOImpl.deposit(AccountDAOImpl.java:63)
	... 9 common frames omitted
Sep 22, 2026 10:57:40 AM com.bank.persistence.AccountDAOImpl withdraw
SEVERE: withdraw failed for this account1
org.postgresql.util.PSQLException: ERROR: new row for relation "account" violates check constraint "balance_non_negative"
  Detail: Failing row contains (1, 1025, -1.00).
	at org.postgresql.core.v3.QueryExecutorImpl.receiveErrorResponse(QueryExecutorImpl.java:2733)
	at org.postgresql.core.v3.QueryExecutorImpl.processResults(QueryExecutorImpl.java:2420)
	at org.postgresql.core.v3.QueryExecutorImpl.execute(QueryExecutorImpl.java:372)
	at org.postgresql.jdbc.PgStatement.executeInternal(PgStatement.java:517)
	at org.postgresql.jdbc.PgStatement.execute(PgStatement.java:434)
	at org.postgresql.jdbc.PgPreparedStatement.executeWithFlags(PgPreparedStatement.java:194)
	at org.postgresql.jdbc.PgPreparedStatement.executeUpdate(PgPreparedStatement.java:155)
	at com.bank.persistence.AccountDAOImpl.updateBalance(AccountDAOImpl.java:151)
	at com.bank.persistence.AccountDAOImpl.withdraw(AccountDAOImpl.java:81)
	at com.bank.service.BankServiceImpl.withdraw(BankServiceImpl.java:50)
	at com.bank.api.BankRepl.withdraw(BankRepl.java:98)
	at com.bank.api.BankRepl.menu(BankRepl.java:71)
	at com.bank.api.BankRepl.run(BankRepl.java:38)
	at com.bank.api.Main.main(Main.java:21)
	at org.codehaus.mojo.exec.ExecJavaMojo.doMain(ExecJavaMojo.java:385)
	at org.codehaus.mojo.exec.ExecJavaMojo.doExec(ExecJavaMojo.java:374)
	at org.codehaus.mojo.exec.ExecJavaMojo.lambda$execute$0(ExecJavaMojo.java:296)
	at java.base/java.lang.Thread.run(Thread.java:1527)

2026-09-22 10:57:40 ERROR com.bank.api.BankRepl - unexpceted error
java.lang.IllegalStateException: couldnt process withrdrawl
	at com.bank.persistence.AccountDAOImpl.withdraw(AccountDAOImpl.java:91)
	at com.bank.service.BankServiceImpl.withdraw(BankServiceImpl.java:50)
	at com.bank.api.BankRepl.withdraw(BankRepl.java:98)
	at com.bank.api.BankRepl.menu(BankRepl.java:71)
	at com.bank.api.BankRepl.run(BankRepl.java:38)
	at com.bank.api.Main.main(Main.java:21)
	at org.codehaus.mojo.exec.ExecJavaMojo.doMain(ExecJavaMojo.java:385)
	at org.codehaus.mojo.exec.ExecJavaMojo.doExec(ExecJavaMojo.java:374)
	at org.codehaus.mojo.exec.ExecJavaMojo.lambda$execute$0(ExecJavaMojo.java:296)
	at java.base/java.lang.Thread.run(Thread.java:1527)
Caused by: org.postgresql.util.PSQLException: ERROR: new row for relation "account" violates check constraint "balance_non_negative"
  Detail: Failing row contains (1, 1025, -1.00).
	at org.postgresql.core.v3.QueryExecutorImpl.receiveErrorResponse(QueryExecutorImpl.java:2733)
	at org.postgresql.core.v3.QueryExecutorImpl.processResults(QueryExecutorImpl.java:2420)
	at org.postgresql.core.v3.QueryExecutorImpl.execute(QueryExecutorImpl.java:372)
	at org.postgresql.jdbc.PgStatement.executeInternal(PgStatement.java:517)
	at org.postgresql.jdbc.PgStatement.execute(PgStatement.java:434)
	at org.postgresql.jdbc.PgPreparedStatement.executeWithFlags(PgPreparedStatement.java:194)
	at org.postgresql.jdbc.PgPreparedStatement.executeUpdate(PgPreparedStatement.java:155)
	at com.bank.persistence.AccountDAOImpl.updateBalance(AccountDAOImpl.java:151)
	at com.bank.persistence.AccountDAOImpl.withdraw(AccountDAOImpl.java:81)
	... 9 common frames omitted
Sep 22, 2026 10:58:14 AM com.bank.persistence.AccountDAOImpl findRecentTransactions
SEVERE: failed to fetch hiostory for ammount 1
org.postgresql.util.PSQLException: ERROR: column "transaction_id" does not exist
  Position: 8
	at org.postgresql.core.v3.QueryExecutorImpl.receiveErrorResponse(QueryExecutorImpl.java:2733)
	at org.postgresql.core.v3.QueryExecutorImpl.processResults(QueryExecutorImpl.java:2420)
	at org.postgresql.core.v3.QueryExecutorImpl.execute(QueryExecutorImpl.java:372)
	at org.postgresql.jdbc.PgStatement.executeInternal(PgStatement.java:517)
	at org.postgresql.jdbc.PgStatement.execute(PgStatement.java:434)
	at org.postgresql.jdbc.PgPreparedStatement.executeWithFlags(PgPreparedStatement.java:194)
	at org.postgresql.jdbc.PgPreparedStatement.executeQuery(PgPreparedStatement.java:137)
	at com.bank.persistence.AccountDAOImpl.findRecentTransactions(AccountDAOImpl.java:127)
	at com.bank.service.BankServiceImpl.getHistory(BankServiceImpl.java:64)
	at com.bank.api.BankRepl.history(BankRepl.java:112)
	at com.bank.api.BankRepl.menu(BankRepl.java:73)
	at com.bank.api.BankRepl.run(BankRepl.java:38)
	at com.bank.api.Main.main(Main.java:21)
	at org.codehaus.mojo.exec.ExecJavaMojo.doMain(ExecJavaMojo.java:385)
	at org.codehaus.mojo.exec.ExecJavaMojo.doExec(ExecJavaMojo.java:374)
	at org.codehaus.mojo.exec.ExecJavaMojo.lambda$execute$0(ExecJavaMojo.java:296)
	at java.base/java.lang.Thread.run(Thread.java:1527)

2026-09-22 10:58:14 ERROR com.bank.api.BankRepl - unexpceted error
java.lang.IllegalStateException: couldnt fetch transaction history
	at com.bank.persistence.AccountDAOImpl.findRecentTransactions(AccountDAOImpl.java:141)
	at com.bank.service.BankServiceImpl.getHistory(BankServiceImpl.java:64)
	at com.bank.api.BankRepl.history(BankRepl.java:112)
	at com.bank.api.BankRepl.menu(BankRepl.java:73)
	at com.bank.api.BankRepl.run(BankRepl.java:38)
	at com.bank.api.Main.main(Main.java:21)
	at org.codehaus.mojo.exec.ExecJavaMojo.doMain(ExecJavaMojo.java:385)
	at org.codehaus.mojo.exec.ExecJavaMojo.doExec(ExecJavaMojo.java:374)
	at org.codehaus.mojo.exec.ExecJavaMojo.lambda$execute$0(ExecJavaMojo.java:296)
	at java.base/java.lang.Thread.run(Thread.java:1527)
Caused by: org.postgresql.util.PSQLException: ERROR: column "transaction_id" does not exist
  Position: 8
	at org.postgresql.core.v3.QueryExecutorImpl.receiveErrorResponse(QueryExecutorImpl.java:2733)
	at org.postgresql.core.v3.QueryExecutorImpl.processResults(QueryExecutorImpl.java:2420)
	at org.postgresql.core.v3.QueryExecutorImpl.execute(QueryExecutorImpl.java:372)
	at org.postgresql.jdbc.PgStatement.executeInternal(PgStatement.java:517)
	at org.postgresql.jdbc.PgStatement.execute(PgStatement.java:434)
	at org.postgresql.jdbc.PgPreparedStatement.executeWithFlags(PgPreparedStatement.java:194)
	at org.postgresql.jdbc.PgPreparedStatement.executeQuery(PgPreparedStatement.java:137)
	at com.bank.persistence.AccountDAOImpl.findRecentTransactions(AccountDAOImpl.java:127)
	... 9 common frames omitted
Sep 22, 2026 10:58:27 AM com.bank.persistence.AccountDAOImpl createAccount
INFO: CReated account 2
Sep 22, 2026 10:58:37 AM com.bank.persistence.AccountDAOImpl transfer
WARNING: rejected overdraw transfer from account 2
Sep 22, 2026 10:58:45 AM com.bank.persistence.AccountDAOImpl deposit
SEVERE: deposit failed for this account2
org.postgresql.util.PSQLException: ERROR: relation "transaction" does not exist
  Position: 13
	at org.postgresql.core.v3.QueryExecutorImpl.receiveErrorResponse(QueryExecutorImpl.java:2733)
	at org.postgresql.core.v3.QueryExecutorImpl.processResults(QueryExecutorImpl.java:2420)
	at org.postgresql.core.v3.QueryExecutorImpl.execute(QueryExecutorImpl.java:372)
	at org.postgresql.jdbc.PgStatement.executeInternal(PgStatement.java:517)
	at org.postgresql.jdbc.PgStatement.execute(PgStatement.java:434)
	at org.postgresql.jdbc.PgPreparedStatement.executeWithFlags(PgPreparedStatement.java:194)
	at org.postgresql.jdbc.PgPreparedStatement.executeUpdate(PgPreparedStatement.java:155)
	at com.bank.persistence.AccountDAOImpl.insertTransaction(AccountDAOImpl.java:163)
	at com.bank.persistence.AccountDAOImpl.deposit(AccountDAOImpl.java:63)
	at com.bank.service.BankServiceImpl.deposit(BankServiceImpl.java:44)
	at com.bank.api.BankRepl.deposit(BankRepl.java:91)
	at com.bank.api.BankRepl.menu(BankRepl.java:70)
	at com.bank.api.BankRepl.run(BankRepl.java:38)
	at com.bank.api.Main.main(Main.java:21)
	at org.codehaus.mojo.exec.ExecJavaMojo.doMain(ExecJavaMojo.java:385)
	at org.codehaus.mojo.exec.ExecJavaMojo.doExec(ExecJavaMojo.java:374)
	at org.codehaus.mojo.exec.ExecJavaMojo.lambda$execute$0(ExecJavaMojo.java:296)
	at java.base/java.lang.Thread.run(Thread.java:1527)

2026-09-22 10:58:45 ERROR com.bank.api.BankRepl - unexpceted error
java.lang.IllegalStateException: couldnt process deposit
	at com.bank.persistence.AccountDAOImpl.deposit(AccountDAOImpl.java:72)
	at com.bank.service.BankServiceImpl.deposit(BankServiceImpl.java:44)
	at com.bank.api.BankRepl.deposit(BankRepl.java:91)
	at com.bank.api.BankRepl.menu(BankRepl.java:70)
	at com.bank.api.BankRepl.run(BankRepl.java:38)
	at com.bank.api.Main.main(Main.java:21)
	at org.codehaus.mojo.exec.ExecJavaMojo.doMain(ExecJavaMojo.java:385)
	at org.codehaus.mojo.exec.ExecJavaMojo.doExec(ExecJavaMojo.java:374)
	at org.codehaus.mojo.exec.ExecJavaMojo.lambda$execute$0(ExecJavaMojo.java:296)
	at java.base/java.lang.Thread.run(Thread.java:1527)
Caused by: org.postgresql.util.PSQLException: ERROR: relation "transaction" does not exist
  Position: 13
	at org.postgresql.core.v3.QueryExecutorImpl.receiveErrorResponse(QueryExecutorImpl.java:2733)
	at org.postgresql.core.v3.QueryExecutorImpl.processResults(QueryExecutorImpl.java:2420)
	at org.postgresql.core.v3.QueryExecutorImpl.execute(QueryExecutorImpl.java:372)
	at org.postgresql.jdbc.PgStatement.executeInternal(PgStatement.java:517)
	at org.postgresql.jdbc.PgStatement.execute(PgStatement.java:434)
	at org.postgresql.jdbc.PgPreparedStatement.executeWithFlags(PgPreparedStatement.java:194)
	at org.postgresql.jdbc.PgPreparedStatement.executeUpdate(PgPreparedStatement.java:155)
	at com.bank.persistence.AccountDAOImpl.insertTransaction(AccountDAOImpl.java:163)
	at com.bank.persistence.AccountDAOImpl.deposit(AccountDAOImpl.java:63)
	... 9 common frames omitted
